// Jest Snapshot v1, https://goo.gl/fbAQLP

exports[`snapshot test 1`] = `
{
  "Parameters": {
    "BootstrapVersion": {
      "Default": "/cdk-bootstrap/hnb659fds/version",
      "Description": "Version of the CDK Bootstrap resources in this environment, automatically retrieved from SSM Parameter Store. [cdk:skip]",
      "Type": "AWS::SSM::Parameter::Value<String>",
    },
  },
  "Resources": {
    "ApiFunctionCE271BD4": {
      "DependsOn": [
        "ApiFunctionServiceRoleDefaultPolicy20A32B8D",
        "ApiFunctionServiceRole52B9747B",
      ],
      "Properties": {
        "Architectures": [
          "arm64",
        ],
        "Code": {
          "S3Bucket": {
            "Fn::Sub": "cdk-hnb659fds-assets-\${AWS::AccountId}-ap-northeast-1",
          },
          "S3Key": "HASH-REPLACED.zip",
        },
        "Environment": {
          "Variables": {
            "JVDATA_BUCKET": "jvbucket",
            "JVDATA_PREFIX": "JVDATAPREFIX",
          },
        },
        "Handler": "index.handler",
        "LoggingConfig": {
          "LogGroup": {
            "Ref": "ApiFunctionLogGroup00D1AC73",
          },
        },
        "Role": {
          "Fn::GetAtt": [
            "ApiFunctionServiceRole52B9747B",
            "Arn",
          ],
        },
        "Runtime": "nodejs20.x",
        "Timeout": 30,
        "TracingConfig": {
          "Mode": "Active",
        },
      },
      "Type": "AWS::Lambda::Function",
    },
    "ApiFunctionFunctionUrl73AD62DC": {
      "Properties": {
        "AuthType": "NONE",
        "TargetFunctionArn": {
          "Fn::GetAtt": [
            "ApiFunctionCE271BD4",
            "Arn",
          ],
        },
      },
      "Type": "AWS::Lambda::Url",
    },
    "ApiFunctionLogGroup00D1AC73": {
      "DeletionPolicy": "Delete",
      "Properties": {
        "LogGroupName": "MyTestStack/ApiFunction",
        "RetentionInDays": 30,
      },
      "Type": "AWS::Logs::LogGroup",
      "UpdateReplacePolicy": "Delete",
    },
    "ApiFunctionServiceRole52B9747B": {
      "Properties": {
        "AssumeRolePolicyDocument": {
          "Statement": [
            {
              "Action": "sts:AssumeRole",
              "Effect": "Allow",
              "Principal": {
                "Service": "lambda.amazonaws.com",
              },
            },
          ],
          "Version": "2012-10-17",
        },
        "ManagedPolicyArns": [
          {
            "Fn::Join": [
              "",
              [
                "arn:",
                {
                  "Ref": "AWS::Partition",
                },
                ":iam::aws:policy/service-role/AWSLambdaBasicExecutionRole",
              ],
            ],
          },
        ],
      },
      "Type": "AWS::IAM::Role",
    },
    "ApiFunctionServiceRoleDefaultPolicy20A32B8D": {
      "Properties": {
        "PolicyDocument": {
          "Statement": [
            {
              "Action": [
                "xray:PutTraceSegments",
                "xray:PutTelemetryRecords",
              ],
              "Effect": "Allow",
              "Resource": "*",
            },
            {
              "Action": [
                "s3:GetObject*",
                "s3:GetBucket*",
                "s3:List*",
              ],
              "Effect": "Allow",
              "Resource": [
                {
                  "Fn::Join": [
                    "",
                    [
                      "arn:",
                      {
                        "Ref": "AWS::Partition",
                      },
                      ":s3:::jvbucket",
                    ],
                  ],
                },
                {
                  "Fn::Join": [
                    "",
                    [
                      "arn:",
                      {
                        "Ref": "AWS::Partition",
                      },
                      ":s3:::jvbucket/*",
                    ],
                  ],
                },
              ],
            },
          ],
          "Version": "2012-10-17",
        },
        "PolicyName": "ApiFunctionServiceRoleDefaultPolicy20A32B8D",
        "Roles": [
          {
            "Ref": "ApiFunctionServiceRole52B9747B",
          },
        ],
      },
      "Type": "AWS::IAM::Policy",
    },
    "ApiFunctioninvokefunctionurl0B8A0798": {
      "Properties": {
        "Action": "lambda:InvokeFunctionUrl",
        "FunctionName": {
          "Fn::GetAtt": [
            "ApiFunctionCE271BD4",
            "Arn",
          ],
        },
        "FunctionUrlAuthType": "NONE",
        "Principal": "*",
      },
      "Type": "AWS::Lambda::Permission",
    },
    "ApiUrlParameterF80EB5D4": {
      "Properties": {
        "Name": "/STAGE/JvApi/Url",
        "Type": "String",
        "Value": {
          "Fn::GetAtt": [
            "ApiFunctionFunctionUrl73AD62DC",
            "FunctionUrl",
          ],
        },
      },
      "Type": "AWS::SSM::Parameter",
    },
    "FunctionArnParameter94E55A91": {
      "Properties": {
        "Name": "/STAGE/JvApi/FunctionArn",
        "Type": "String",
        "Value": {
          "Fn::GetAtt": [
            "ApiFunctionCE271BD4",
            "Arn",
          ],
        },
      },
      "Type": "AWS::SSM::Parameter",
    },
  },
  "Rules": {
    "CheckBootstrapVersion": {
      "Assertions": [
        {
          "Assert": {
            "Fn::Not": [
              {
                "Fn::Contains": [
                  [
                    "1",
                    "2",
                    "3",
                    "4",
                    "5",
                  ],
                  {
                    "Ref": "BootstrapVersion",
                  },
                ],
              },
            ],
          },
          "AssertDescription": "CDK bootstrap stack version 6 required. Please run 'cdk bootstrap' with a recent version of the CDK CLI.",
        },
      ],
    },
  },
}
`;
